{
    "Should run without failures": {
        "content": [
            {
                "0": [
                    [
                        [
                            [
                                "AMR.LIB:md5,04a05a6f95f66fd4f9f9b716b86030af",
                                "AMR.LIB.h3f:md5,0c1ddeed0d13fda5cb67c5e8c62fd6a1",
                                "AMR.LIB.h3i:md5,51fde3351dd2d393e497ce3a8a63a587",
                                "AMR.LIB.h3m:md5,2d903b64b5bb0927e940ec6d2988f766",
                                "AMR.LIB.h3p:md5,abcd19c04a489ba40d5140cac059e752",
                                "AMRProt:md5,3779a5f00527f1a6cc687b4164731aff",
                                "AMRProt-mutation.tab:md5,5bee36852059d5df2d49ebf646814e76",
                                "AMRProt-suppress:md5,1287e425fb41bf974ab043fcdbbb068e",
                                "AMRProt-susceptible.tab:md5,8b9233c46217d861a138ce49cefcb13e",
                                "AMRProt.pdb:md5,a9ace3b931016de81c4c732894395e27",
                                "AMRProt.phr:md5,cae832dc05fb9b7d7944c94e149e05a3",
                                "AMRProt.pin:md5,ab2bd97ce7aa809902d31dfbf1046690",
                                "AMRProt.pot:md5,30cd9e77b8f0eb09eae9b7e6b4526fbd",
                                "AMRProt.psq:md5,7d14931fd1df967eca5fc1c4688b6828",
                                "AMRProt.ptf:md5,de1250813f0c7affc6d12dac9d0fb6bb",
                                "AMRProt.pto:md5,3405360010dbe22d06a3aa43d7dffff4",
                                "AMR_CDS:md5,4fa27eb589cfe1554f7ffc01e96cad42",
                                "AMR_CDS.ndb:md5,a061cbdb27118f70490d986af57e045f",
                                "AMR_CDS.nhr:md5,f82e24bd45a72814eea68b90df94cd23",
                                "AMR_CDS.nin:md5,f0272105a1250a669d93e98305b5449e",
                                "AMR_CDS.not:md5,7170023f6642b780e9610126e33db1e0",
                                "AMR_CDS.nsq:md5,a419688a02b3e7acead222d81fd64fb9",
                                "AMR_CDS.ntf:md5,de1250813f0c7affc6d12dac9d0fb6bb",
                                "AMR_CDS.nto:md5,6079984811aea1ad3ee944e9481663df",
                                "database_format_version.txt:md5,9685208dd0aa86cd4c849e6291c5bce2",
                                "fam.tab:md5,b5d4d8329bcd23048af68e240d2e4bb1",
                                "taxgroup.tab:md5,7cb0d3d16088f17039b8a3a29f98e5b8",
                                "version.txt:md5,f0b7ec5b554c8771d847cfc3b18d72d5"
                            ],
                            [
                                "AMR.LIB:md5,04a05a6f95f66fd4f9f9b716b86030af",
                                "AMR.LIB.h3f:md5,0c1ddeed0d13fda5cb67c5e8c62fd6a1",
                                "AMR.LIB.h3i:md5,51fde3351dd2d393e497ce3a8a63a587",
                                "AMR.LIB.h3m:md5,2d903b64b5bb0927e940ec6d2988f766",
                                "AMR.LIB.h3p:md5,abcd19c04a489ba40d5140cac059e752",
                                "AMRProt:md5,3779a5f00527f1a6cc687b4164731aff",
                                "AMRProt-mutation.tab:md5,5bee36852059d5df2d49ebf646814e76",
                                "AMRProt-suppress:md5,1287e425fb41bf974ab043fcdbbb068e",
                                "AMRProt-susceptible.tab:md5,8b9233c46217d861a138ce49cefcb13e",
                                "AMRProt.pdb:md5,a9ace3b931016de81c4c732894395e27",
                                "AMRProt.phr:md5,cae832dc05fb9b7d7944c94e149e05a3",
                                "AMRProt.pin:md5,ab2bd97ce7aa809902d31dfbf1046690",
                                "AMRProt.pot:md5,30cd9e77b8f0eb09eae9b7e6b4526fbd",
                                "AMRProt.psq:md5,7d14931fd1df967eca5fc1c4688b6828",
                                "AMRProt.ptf:md5,de1250813f0c7affc6d12dac9d0fb6bb",
                                "AMRProt.pto:md5,3405360010dbe22d06a3aa43d7dffff4",
                                "AMR_CDS:md5,4fa27eb589cfe1554f7ffc01e96cad42",
                                "AMR_CDS.ndb:md5,a061cbdb27118f70490d986af57e045f",
                                "AMR_CDS.nhr:md5,f82e24bd45a72814eea68b90df94cd23",
                                "AMR_CDS.nin:md5,f0272105a1250a669d93e98305b5449e",
                                "AMR_CDS.not:md5,7170023f6642b780e9610126e33db1e0",
                                "AMR_CDS.nsq:md5,a419688a02b3e7acead222d81fd64fb9",
                                "AMR_CDS.ntf:md5,de1250813f0c7affc6d12dac9d0fb6bb",
                                "AMR_CDS.nto:md5,6079984811aea1ad3ee944e9481663df",
                                "database_format_version.txt:md5,9685208dd0aa86cd4c849e6291c5bce2",
                                "fam.tab:md5,b5d4d8329bcd23048af68e240d2e4bb1",
                                "taxgroup.tab:md5,7cb0d3d16088f17039b8a3a29f98e5b8",
                                "version.txt:md5,f0b7ec5b554c8771d847cfc3b18d72d5"
                            ]
                        ],
                        "antifam.h3f:md5,4d7affa2eedfbf20c59e36463bf471c9",
                        "antifam.h3i:md5,8793f31f4cfdd18ffa66d09d2d54b5ad",
                        "antifam.h3m:md5,46091d48b17a370a23a0c9aa3d4e88e5",
                        "antifam.h3p:md5,b75d53687cf74d94998df511b60b71c5",
                        "bakta.db:md5,08854677b72516e421811dc430c718f2",
                        "expert-protein-sequences.dmnd:md5,049d3d5404dd20042a25f5e4020b7647",
                        "ncRNA-genes.i1f:md5,8aba75c472dfb45cb020fc3c1f4bc5c0",
                        "ncRNA-genes.i1i:md5,8e3fe8906db0a97c78c51a11cb327b3c",
                        "ncRNA-genes.i1m:md5,c1d830da6d5f5d7d125a8b9d70fa5190",
                        "ncRNA-genes.i1p:md5,f576ffae546971b7b56d1dc17c71a6f7",
                        "ncRNA-regions.i1f:md5,431be425104d730e5b53220377a1d9b4",
                        "ncRNA-regions.i1i:md5,73ba8ffd8f1e5e439bd32c98ce3df5ff",
                        "ncRNA-regions.i1m:md5,054469d9342d63f79b8657226484c6f2",
                        "ncRNA-regions.i1p:md5,341d70a59035b9473aa4850f116db7b5",
                        "oric.fna:md5,8123a8d931deb935864669f680da4cf7",
                        "orit.fna:md5,ac9d20c1fde953861d4d7fa0bc1325a1",
                        "pfam.h3f:md5,6c0e2c20c9c76bce1d7abfcb1dff641b",
                        "pfam.h3i:md5,024999ab53fafabd4501a595933f7117",
                        "pfam.h3m:md5,147e44ea764b1d44e8aff5f894eaa331",
                        "pfam.h3p:md5,6fe087bc5a1348ee7cd06c526783582a",
                        "pscc.dmnd:md5,f0e31ef5fc86719dcc67185f5223895b",
                        "rRNA.i1f:md5,60aa73df565a753e6a273c000b71519a",
                        "rRNA.i1i:md5,a82c7c6f72937e9485100e19409a8463",
                        "rRNA.i1m:md5,cb1ab0e4751f8fba83b1e55c09c1c744",
                        "rRNA.i1p:md5,a6a9dc1841c276e0b4f4d436af17e208",
                        "rfam-go.tsv:md5,deba0b5686d52b797da58bb78d7ec7f2",
                        "sorf.dmnd:md5,7e173a177a7daadf82546b72e5b3c93c",
                        "version.json:md5,91bf1c5debc245a29a1129a612b4aa14"
                    ]
                ],
                "bakta_db": [
                    [
                        [
                            [
                                "AMR.LIB:md5,04a05a6f95f66fd4f9f9b716b86030af",
                                "AMR.LIB.h3f:md5,0c1ddeed0d13fda5cb67c5e8c62fd6a1",
                                "AMR.LIB.h3i:md5,51fde3351dd2d393e497ce3a8a63a587",
                                "AMR.LIB.h3m:md5,2d903b64b5bb0927e940ec6d2988f766",
                                "AMR.LIB.h3p:md5,abcd19c04a489ba40d5140cac059e752",
                                "AMRProt:md5,3779a5f00527f1a6cc687b4164731aff",
                                "AMRProt-mutation.tab:md5,5bee36852059d5df2d49ebf646814e76",
                                "AMRProt-suppress:md5,1287e425fb41bf974ab043fcdbbb068e",
                                "AMRProt-susceptible.tab:md5,8b9233c46217d861a138ce49cefcb13e",
                                "AMRProt.pdb:md5,a9ace3b931016de81c4c732894395e27",
                                "AMRProt.phr:md5,cae832dc05fb9b7d7944c94e149e05a3",
                                "AMRProt.pin:md5,ab2bd97ce7aa809902d31dfbf1046690",
                                "AMRProt.pot:md5,30cd9e77b8f0eb09eae9b7e6b4526fbd",
                                "AMRProt.psq:md5,7d14931fd1df967eca5fc1c4688b6828",
                                "AMRProt.ptf:md5,de1250813f0c7affc6d12dac9d0fb6bb",
                                "AMRProt.pto:md5,3405360010dbe22d06a3aa43d7dffff4",
                                "AMR_CDS:md5,4fa27eb589cfe1554f7ffc01e96cad42",
                                "AMR_CDS.ndb:md5,a061cbdb27118f70490d986af57e045f",
                                "AMR_CDS.nhr:md5,f82e24bd45a72814eea68b90df94cd23",
                                "AMR_CDS.nin:md5,f0272105a1250a669d93e98305b5449e",
                                "AMR_CDS.not:md5,7170023f6642b780e9610126e33db1e0",
                                "AMR_CDS.nsq:md5,a419688a02b3e7acead222d81fd64fb9",
                                "AMR_CDS.ntf:md5,de1250813f0c7affc6d12dac9d0fb6bb",
                                "AMR_CDS.nto:md5,6079984811aea1ad3ee944e9481663df",
                                "database_format_version.txt:md5,9685208dd0aa86cd4c849e6291c5bce2",
                                "fam.tab:md5,b5d4d8329bcd23048af68e240d2e4bb1",
                                "taxgroup.tab:md5,7cb0d3d16088f17039b8a3a29f98e5b8",
                                "version.txt:md5,f0b7ec5b554c8771d847cfc3b18d72d5"
                            ],
                            [
                                "AMR.LIB:md5,04a05a6f95f66fd4f9f9b716b86030af",
                                "AMR.LIB.h3f:md5,0c1ddeed0d13fda5cb67c5e8c62fd6a1",
                                "AMR.LIB.h3i:md5,51fde3351dd2d393e497ce3a8a63a587",
                                "AMR.LIB.h3m:md5,2d903b64b5bb0927e940ec6d2988f766",
                                "AMR.LIB.h3p:md5,abcd19c04a489ba40d5140cac059e752",
                                "AMRProt:md5,3779a5f00527f1a6cc687b4164731aff",
                                "AMRProt-mutation.tab:md5,5bee36852059d5df2d49ebf646814e76",
                                "AMRProt-suppress:md5,1287e425fb41bf974ab043fcdbbb068e",
                                "AMRProt-susceptible.tab:md5,8b9233c46217d861a138ce49cefcb13e",
                                "AMRProt.pdb:md5,a9ace3b931016de81c4c732894395e27",
                                "AMRProt.phr:md5,cae832dc05fb9b7d7944c94e149e05a3",
                                "AMRProt.pin:md5,ab2bd97ce7aa809902d31dfbf1046690",
                                "AMRProt.pot:md5,30cd9e77b8f0eb09eae9b7e6b4526fbd",
                                "AMRProt.psq:md5,7d14931fd1df967eca5fc1c4688b6828",
                                "AMRProt.ptf:md5,de1250813f0c7affc6d12dac9d0fb6bb",
                                "AMRProt.pto:md5,3405360010dbe22d06a3aa43d7dffff4",
                                "AMR_CDS:md5,4fa27eb589cfe1554f7ffc01e96cad42",
                                "AMR_CDS.ndb:md5,a061cbdb27118f70490d986af57e045f",
                                "AMR_CDS.nhr:md5,f82e24bd45a72814eea68b90df94cd23",
                                "AMR_CDS.nin:md5,f0272105a1250a669d93e98305b5449e",
                                "AMR_CDS.not:md5,7170023f6642b780e9610126e33db1e0",
                                "AMR_CDS.nsq:md5,a419688a02b3e7acead222d81fd64fb9",
                                "AMR_CDS.ntf:md5,de1250813f0c7affc6d12dac9d0fb6bb",
                                "AMR_CDS.nto:md5,6079984811aea1ad3ee944e9481663df",
                                "database_format_version.txt:md5,9685208dd0aa86cd4c849e6291c5bce2",
                                "fam.tab:md5,b5d4d8329bcd23048af68e240d2e4bb1",
                                "taxgroup.tab:md5,7cb0d3d16088f17039b8a3a29f98e5b8",
                                "version.txt:md5,f0b7ec5b554c8771d847cfc3b18d72d5"
                            ]
                        ],
                        "antifam.h3f:md5,4d7affa2eedfbf20c59e36463bf471c9",
                        "antifam.h3i:md5,8793f31f4cfdd18ffa66d09d2d54b5ad",
                        "antifam.h3m:md5,46091d48b17a370a23a0c9aa3d4e88e5",
                        "antifam.h3p:md5,b75d53687cf74d94998df511b60b71c5",
                        "bakta.db:md5,08854677b72516e421811dc430c718f2",
                        "expert-protein-sequences.dmnd:md5,049d3d5404dd20042a25f5e4020b7647",
                        "ncRNA-genes.i1f:md5,8aba75c472dfb45cb020fc3c1f4bc5c0",
                        "ncRNA-genes.i1i:md5,8e3fe8906db0a97c78c51a11cb327b3c",
                        "ncRNA-genes.i1m:md5,c1d830da6d5f5d7d125a8b9d70fa5190",
                        "ncRNA-genes.i1p:md5,f576ffae546971b7b56d1dc17c71a6f7",
                        "ncRNA-regions.i1f:md5,431be425104d730e5b53220377a1d9b4",
                        "ncRNA-regions.i1i:md5,73ba8ffd8f1e5e439bd32c98ce3df5ff",
                        "ncRNA-regions.i1m:md5,054469d9342d63f79b8657226484c6f2",
                        "ncRNA-regions.i1p:md5,341d70a59035b9473aa4850f116db7b5",
                        "oric.fna:md5,8123a8d931deb935864669f680da4cf7",
                        "orit.fna:md5,ac9d20c1fde953861d4d7fa0bc1325a1",
                        "pfam.h3f:md5,6c0e2c20c9c76bce1d7abfcb1dff641b",
                        "pfam.h3i:md5,024999ab53fafabd4501a595933f7117",
                        "pfam.h3m:md5,147e44ea764b1d44e8aff5f894eaa331",
                        "pfam.h3p:md5,6fe087bc5a1348ee7cd06c526783582a",
                        "pscc.dmnd:md5,f0e31ef5fc86719dcc67185f5223895b",
                        "rRNA.i1f:md5,60aa73df565a753e6a273c000b71519a",
                        "rRNA.i1i:md5,a82c7c6f72937e9485100e19409a8463",
                        "rRNA.i1m:md5,cb1ab0e4751f8fba83b1e55c09c1c744",
                        "rRNA.i1p:md5,a6a9dc1841c276e0b4f4d436af17e208",
                        "rfam-go.tsv:md5,deba0b5686d52b797da58bb78d7ec7f2",
                        "sorf.dmnd:md5,7e173a177a7daadf82546b72e5b3c93c",
                        "version.json:md5,91bf1c5debc245a29a1129a612b4aa14"
                    ]
                ]
            }
        ],
        "meta": {
            "nf-test": "0.9.3",
            "nextflow": "25.04.6"
        },
        "timestamp": "2026-01-08T14:14:18.904837965"
    }
}