{
    "Should run without failures and produce a plasmid assembly": {
        "content": [
            [
                [
                    "example_sample",
                    null,
                    "plassembler_plasmids.fasta:md5,04e77b6a428e5b173991750f08ccd93a"
                ]
            ],
            [
                [
                    "example_sample",
                    null,
                    "plassembler_plasmids.gfa:md5,01af2839652421e26b41069e44759b5e"
                ]
            ]
        ],
        "meta": {
            "nf-test": "0.9.3",
            "nextflow": "25.04.6"
        },
        "timestamp": "2025-12-16T13:02:59.813784863"
    },
    "Should fail safely and produce no plasmid assembly": {
        "content": [
            [
                
            ],
            [
                
            ]
        ],
        "meta": {
            "nf-test": "0.9.3",
            "nextflow": "25.04.6"
        },
        "timestamp": "2025-12-16T13:10:13.139575319"
    }
}